#
S =

   1.00000000   0.00000000   0.00000000   0.00000000   0.7411400   0.7411400
   0.00000000   1.00000000   0.00000000   0.00000000   0.4505600   0.0000000
   0.00000000   0.00000000   1.00000000   0.00000000   0.0000000   0.4505600
   0.00000000   0.00000000   0.00000000   1.00000000   0.0000000   0.0000000
   0.74114000   0.45056000   0.00000000   0.00000000   1.0000000   0.6352100
   0.74114000   0.00000000   0.45056000   0.00000000   0.6352100   1.0000000

octave:66> Hn
Hn =

  -0.87883246   0.000000000   0.00000000   0.00000000  -0.91829521  -0.91829521
   0.00000000  -0.332131670   0.00000000   0.00000000  -0.53176881   0.00000000
   0.00000000   0.000000000  -0.33213167   0.00000000   0.00000000  -0.53176881
   0.00000000   0.000000000   0.00000000  -0.33213167   0.00000000   0.00000000
  -0.91829521  -0.531768810   0.00000000   0.00000000  -0.23860040  -0.31706948
  -0.91829521   0.000000000  -0.53176881   0.00000000  -0.31706948  -0.23860040

octave:67> Gn
Gn =

   0.045643704   0.000000000   0.000000000   0.000000000   0.023291477   0.023291477
   0.000000000   0.045643704   0.000000000   0.000000000   0.014159353  -0.000000000
   0.000000000   0.000000000   0.045643704   0.000000000   0.000000000   0.014159353
   0.000000000   0.000000000   0.000000000   0.045643704   0.000000000   0.000000000
   0.023291477   0.014159353   0.000000000   0.000000000   0.017209068   0.010931343
   0.023291477  -0.000000000   0.014159353   0.000000000   0.010931343   0.017209068



octave:68> Fn
Fn =

  -0.833188756   0.000000000   0.000000000   0.000000000  -0.895003733  -0.895003733
   0.000000000  -0.286487966   0.000000000   0.000000000  -0.517609457   0.000000000
   0.000000000   0.000000000  -0.286487966   0.000000000   0.000000000  -0.517609457
   0.000000000   0.000000000   0.000000000  -0.286487966   0.000000000   0.000000000
  -0.895003733  -0.517609457   0.000000000   0.000000000  -0.221391332  -0.306138137
  -0.895003733   0.000000000  -0.517609457   0.000000000  -0.306138137  -0.221391332


gamma =
   0.495400000000000   0.424577000000000   0.424577000000000
   0.424577000000000   0.419500000000000   0.376248000000000
   0.424577000000000   0.376248000000000   0.419500000000000


q =  
   6.644470000000000   0.677764000000000   0.677764000000000

q0 =
   6   1   1

octave:36> dQ = q-q0
dQ =
   0.644470000000000  -0.322236000000000  -0.322236000000000



# 
octave:70> trace(Pn*Fn)
ans = -4.23310312268305

#  get the NCC energy (H0 energy  in the DFTB+ (detailed.out))
octave:41> trHnPn= trace(Hn*Pn)
ans = -4.55970854782812


# now coulomb energy (or scc)
  ecoul = 0.5 * Q*gamma*dQ'  =  0.00916240085688493


# electronic energy 
   Escf = trHnPn  + ecoul
   Escf =  trace(Pn*Hn) + dQ*gamma*dQ'/2
        = -4.55054614697124

# now repulsion energy , and total energy 
   Erep =   1.6049099648 
   Etot =  Escf + Erep=   -2.9456371654



#############################################################################
#------ NOW compare with DFTB+ results 
#############################################################################

********************************************************************************
  iSCC Total electronic   Diff electronic      SCC error
    5   -0.45505471E+01    0.00000000E+00    0.26645353E-14
********************************************************************************
#geom (in bohrs)= 
  O    0.0           0.0          0.0
  H    0.529177249   0.0          0.0
  H    0.0           0.529177249  0.0

# Net atomic charges (e)
  Atom       Net charge
     1      -0.64447253
     2       0.32223626
     3       0.32223626
   
#genvalues /H (MO energies)
   -0.92429325
   -0.54614149
   -0.35962935
   -0.28648797
    3.30687825
    5.01623407

 Fermi energy:                       2.0459704100 H           55.6737 eV
 Band energy:                       -4.2331041255 H         -115.1886 eV
 TS:                                 0.0000000000 H            0.0000 eV
 Band free energy (E-TS):           -4.2331041255 H         -115.1886 eV
 Extrapolated E(0K):                -4.2331041255 H         -115.1886 eV
 Input/Output electrons (q):      8.00000000      8.00000000

 Energy H0:                         -4.5597097980 H         -124.0760 eV
 Energy SCC:                         0.0091626678 H            0.2493 eV
 Total Electronic energy:           -4.5505471302 H         -123.8267 eV
 Repulsive energy:                   1.6049099648 H           43.6718 eV
 Total energy:                      -2.9456371654 H          -80.1549 eV
 Total Mermin free energy:          -2.9456371654 H          -80.1549 eV

 SCC converged

